[     235ms] [ERROR] Failed to load resource: the server responded with a status of 999 () @ https://www.linkedin.com/in/dor-schreier-203849110/:0
[     692ms] [LOG] Error @ https://static.licdn.com/aero-v1/sc/h/95dn6qmfiqsklhxazp0jn20zg:1
[     792ms] [VERBOSE] [DOM] Input elements should have autocomplete attributes (suggested: "username"): (More info: https://goo.gl/9p2vKq) %o @ https://www.linkedin.com/authwall?trk=bf&trkInfo=AQF4XwSibcA2PAAAAZ2hXuD4WbeHWTWIx_PD0kjPFO98Dfw2FmXPX61-nUFXzED0a3DiMc-NUopUCV_KhBXtq8LSAYkwNWfgfJ6YiwtEcFQqLfO2_A8w1kJ7wwYlwu4sFmldjlg=&original_referer=&sessionRedirect=https%3A%2F%2Fwww.linkedin.com%2Fin%2Fdor-schreier-203849110%2F:0
[    3338ms] [WARNING] Element with id: dust-var-locale not found @ https://static.licdn.com/aero-v1/sc/h/ejtdgjypmqo0r3rqzilfwa1k3:1
[    3445ms] [WARNING] Canvas2D: Multiple readback operations using getImageData are faster with the willReadFrequently attribute set to true. See: https://html.spec.whatwg.org/multipage/canvas.html#concept-canvas-will-read-frequently @ https://static.licdn.com/aero-v1/sc/h/95dn6qmfiqsklhxazp0jn20zg:1
[    3770ms] [WARNING] [GSI_LOGGER]: Your client application may not display the Google One Tap in its default position. When FedCM becomes mandatory, One Tap only displays in the default position. Refer to the migration guide to update your code accordingly and opt-in to FedCM to test your changes. Learn more: https://developers.google.com/identity/gsi/web/guides/fedcm-migration?s=dc#layout @ https://static.licdn.com/aero-v1/sc/h/29rdkxlvag0d3cpj96fiilbju:168
[    3770ms] [WARNING] [GSI_LOGGER]: Your client application uses one of the Google One Tap prompt UI status methods that may stop functioning when FedCM becomes mandatory. Refer to the migration guide to update your code accordingly and opt-in to FedCM to test your changes. Learn more: https://developers.google.com/identity/gsi/web/guides/fedcm-migration?s=dc#display_moment and https://developers.google.com/identity/gsi/web/guides/fedcm-migration?s=dc#skipped_moment @ https://static.licdn.com/aero-v1/sc/h/29rdkxlvag0d3cpj96fiilbju:168
[    3772ms] [WARNING] [GSI_LOGGER]: Currently, you disable FedCM on Google One Tap. FedCM for One Tap will become mandatory starting Oct 2024, and you won’t be able to disable it. Refer to the migration guide to update your code accordingly to ensure users will not be blocked from logging in. Learn more: https://developers.google.com/identity/gsi/web/guides/fedcm-migration @ https://static.licdn.com/aero-v1/sc/h/29rdkxlvag0d3cpj96fiilbju:168
[    3778ms] [WARNING] [GSI_LOGGER]: Currently, you disable FedCM on Google One Tap. FedCM for One Tap will become mandatory starting Oct 2024, and you won’t be able to disable it. Refer to the migration guide to update your code accordingly to ensure users will not be blocked from logging in. Learn more: https://developers.google.com/identity/gsi/web/guides/fedcm-migration @ https://static.licdn.com/aero-v1/sc/h/29rdkxlvag0d3cpj96fiilbju:168
[    3808ms] [WARNING] Canvas2D: Multiple readback operations using getImageData are faster with the willReadFrequently attribute set to true. See: https://html.spec.whatwg.org/multipage/canvas.html#concept-canvas-will-read-frequently @ https://static.licdn.com/aero-v1/sc/h/95dn6qmfiqsklhxazp0jn20zg:1
[    3820ms] [WARNING] Canvas2D: Multiple readback operations using getImageData are faster with the willReadFrequently attribute set to true. See: https://html.spec.whatwg.org/multipage/canvas.html#concept-canvas-will-read-frequently @ https://static.licdn.com/aero-v1/sc/h/95dn6qmfiqsklhxazp0jn20zg:1
[    3964ms] [LOG] %c EvalError
    at lC (https://client.protechts.net/PXdOjV695v/main.min.js:2:70430)
    at nE (https://client.protechts.net/PXdOjV695v/main.min.js:2:75948)
    at GE (https://client.protechts.net/PXdOjV695v/main.min.js:2:220647)
    at GC (https://client.protechts.net/PXdOjV695v/main.min.js:2:220271)
    at https://client.protechts.net/PXdOjV695v/main.min.js:2:222002
    at https://client.protechts.net/PXdOjV695v/main.min.js:2:222008
    at https://client.protechts.net/PXdOjV695v/main.min.js:2:222473 @ https://client.protechts.net/PXdOjV695v/main.min.js:1
[    4244ms] [ERROR] Access to XMLHttpRequest at 'https://ps.azurewaf.microsoft.com/event?correlationId=87996f47-b3f0-40d6-b23a-c5814402622e&type=ping' from origin 'https://www.linkedin.com' has been blocked by CORS policy: Response to preflight request doesn't pass access control check: No 'Access-Control-Allow-Origin' header is present on the requested resource. @ https://www.linkedin.com/authwall?trk=bf&trkInfo=AQF4XwSibcA2PAAAAZ2hXuD4WbeHWTWIx_PD0kjPFO98Dfw2FmXPX61-nUFXzED0a3DiMc-NUopUCV_KhBXtq8LSAYkwNWfgfJ6YiwtEcFQqLfO2_A8w1kJ7wwYlwu4sFmldjlg=&original_referer=&sessionRedirect=https%3A%2F%2Fwww.linkedin.com%2Fin%2Fdor-schreier-203849110%2F:0
[    4244ms] [ERROR] Failed to load resource: net::ERR_FAILED @ https://ps.azurewaf.microsoft.com/event?correlationId=87996f47-b3f0-40d6-b23a-c5814402622e&type=ping:0
